I'm sorry, but errors were detected in your script. Please correct the
errors listed below, and try again.


File "game/Mall_Ending.rpy", line 20: expected statement.
    "See the ending":
                    ^

Ren'Py Version: Ren'Py 7.4.4.1439
Wed Nov 17 01:31:08 2021
